Copyright 1986-2018 Xilinx, Inc. All Rights Reserved.
-------------------------------------------------------------------------------------------
| Tool Version : Vivado v.2018.3 (lin64) Build 2405991 Thu Dec  6 23:36:41 MST 2018
| Date         : Sun Nov 24 17:11:29 2019
| Host         : rew-desktop running 64-bit Ubuntu 18.04.3 LTS
| Command      : report_control_sets -verbose -file mfp_nexys4_ddr_control_sets_placed.rpt
| Design       : mfp_nexys4_ddr
| Device       : xc7a100t
-------------------------------------------------------------------------------------------

Control Set Information

Table of Contents
-----------------
1. Summary
2. Histogram
3. Flip-Flop Distribution
4. Detailed Control Set Information

1. Summary
----------

+----------------------------------------------------------+-------+
|                          Status                          | Count |
+----------------------------------------------------------+-------+
| Number of unique control sets                            |    13 |
| Unused register locations in slices containing registers |    51 |
+----------------------------------------------------------+-------+


2. Histogram
------------

+--------+--------------+
| Fanout | Control Sets |
+--------+--------------+
|      4 |            2 |
|     10 |            2 |
|     12 |            1 |
|     15 |            1 |
|    16+ |            7 |
+--------+--------------+


3. Flip-Flop Distribution
-------------------------

+--------------+-----------------------+------------------------+-----------------+--------------+
| Clock Enable | Synchronous Set/Reset | Asynchronous Set/Reset | Total Registers | Total Slices |
+--------------+-----------------------+------------------------+-----------------+--------------+
| No           | No                    | No                     |              37 |           19 |
| No           | No                    | Yes                    |               0 |            0 |
| No           | Yes                   | No                     |              76 |           21 |
| Yes          | No                    | No                     |               4 |            3 |
| Yes          | No                    | Yes                    |               0 |            0 |
| Yes          | Yes                   | No                     |              96 |           24 |
+--------------+-----------------------+------------------------+-----------------+--------------+


4. Detailed Control Set Information
-----------------------------------

+---------------------------------+-----------------------------+--------------------------------------+------------------+----------------+
|           Clock Signal          |        Enable Signal        |           Set/Reset Signal           | Slice Load Count | Bel Load Count |
+---------------------------------+-----------------------------+--------------------------------------+------------------+----------------+
|  instance_name/inst/clk_31_5MHz | CPU_RESETN_IBUF             |                                      |                3 |              4 |
|  pix_clk                        | cam_vga/cam/dout[7]_i_2_n_0 | cam_vga/cam/dout[7]_i_1_n_0          |                1 |              4 |
|  instance_name/inst/clk_31_5MHz |                             | cam_vga/test_gen/col[9]_i_1_n_0      |                3 |             10 |
|  instance_name/inst/clk_31_5MHz | cam_vga/test_gen/row0       | cam_vga/test_gen/row[9]_i_1_n_0      |                2 |             10 |
|  instance_name/inst/clk_31_5MHz | cam_vga/dtg/pixel_row       | cam_vga/dtg/pixel_row[0]_i_1_n_0     |                3 |             12 |
|  instance_name/inst/clk_31_5MHz |                             | cam_vga/dtg/pixel_column[11]_i_1_n_0 |                5 |             15 |
|  instance_name/inst/clk_31_5MHz |                             |                                      |               13 |             18 |
|  instance_name/inst/clk_31_5MHz |                             | cam_vga/test_gen/addr[0]_i_1_n_0     |                5 |             19 |
|  instance_name/inst/clk_31_5MHz | cam_vga/dtg/pix_num0        | cam_vga/dtg/pix_num[0]_i_1_n_0       |                5 |             19 |
|  pix_clk                        |                             |                                      |                6 |             19 |
|  pix_clk                        | cam_vga/cam/pix_cnt0        | cam_vga/cam/pix_cnt[0]_i_1_n_0       |                5 |             19 |
|  pix_clk                        |                             | cam_vga/cam/col[0]_i_1_n_0           |                8 |             32 |
|  pix_clk                        | cam_vga/cam/row             | cam_vga/cam/row[0]_i_1_n_0           |                8 |             32 |
+---------------------------------+-----------------------------+--------------------------------------+------------------+----------------+


